###############################################################################
#
# IAR ELF Linker V8.40.1.212/W32 for ARM                  15/Sep/2020  13:42:41
# Copyright 2007-2019 IAR Systems AB.
#
#    Output file  =
#        D:\STM32H7\Project_standerd\IAR_Project\Debug\Exe\Project.out
#    Map file     =
#        D:\STM32H7\Project_standerd\IAR_Project\Debug\List\Project.map
#    Command line =
#        -f C:\Users\admin\AppData\Local\Temp\EWA976.tmp
#        (D:\STM32H7\Project_standerd\IAR_Project\Debug\Obj\delay.o
#        D:\STM32H7\Project_standerd\IAR_Project\Debug\Obj\main.o
#        D:\STM32H7\Project_standerd\IAR_Project\Debug\Obj\startup_stm32h750xx.o
#        D:\STM32H7\Project_standerd\IAR_Project\Debug\Obj\stm32h7xx_hal.o
#        D:\STM32H7\Project_standerd\IAR_Project\Debug\Obj\stm32h7xx_hal_rcc.o
#        D:\STM32H7\Project_standerd\IAR_Project\Debug\Obj\system_stm32h7xx.o
#        --no_out_extension -o
#        D:\STM32H7\Project_standerd\IAR_Project\Debug\Exe\Project.out --map
#        D:\STM32H7\Project_standerd\IAR_Project\Debug\List\Project.map
#        --config "C:\Program Files (x86)\IAR Systems\Embedded Workbench
#        8.3\arm\config\linker\ST\stm32h750xB.icf" --semihosting --entry
#        __iar_program_start --vfe --text_out locale)
#
###############################################################################

*******************************************************************************
*** RUNTIME MODEL ATTRIBUTES
***

CppFlavor       = *
__SystemLibrary = DLib
__dlib_version  = 6


*******************************************************************************
*** HEAP SELECTION
***

The basic heap was selected because no calls to memory allocation
functions were found in the application outside of system library
functions, and there are calls to deallocation functions in the
application.


*******************************************************************************
*** PLACEMENT SUMMARY
***

"A0":  place at address 0x800'0000 { ro section .intvec };
"P1":  place in [from 0x800'0000 to 0x801'ffff] { ro };
define block CSTACK with size = 8K, alignment = 8 { };
define block PROC_STACK with size = 0, alignment = 8 { };
"P4":  place in [from 0x2000'0000 to 0x2000'ffff repeat 2] {
          rw, section .dtcm_ram, block CSTACK, block PROC_STACK };
initialize by copy { rw };

No sections matched the following patterns:

  ro section application_specific_ro  in "P2|P8"
  rw section application_specific_rw  in "P2|P8"
  section .axi_sram                   in "P5"
  section .backup_sram                in "P7"
  section .dtcm_ram                   in "P4"
  section .sram                       in "P6"
  section .textrw                     in "P3"


  Section            Kind         Address    Size  Object
  -------            ----         -------    ----  ------
"A0":                                       0x298
  .intvec            ro code   0x800'0000   0x298  startup_stm32h750xx.o [1]
                             - 0x800'0298   0x298

"P1":                                       0x8a8
  .text              ro code   0x800'0298   0x520  system_stm32h7xx.o [1]
  .text              ro code   0x800'07b8    0x2e  copy_init3.o [4]
  .text              ro code   0x800'07e8    0x28  data_init.o [4]
  .text              ro code   0x800'0810    0x22  fpinit_M.o [3]
  .iar.init_table    const     0x800'0834    0x14  - Linker created -
  .text              ro code   0x800'0848    0x1e  cmain.o [4]
  .text              ro code   0x800'0866     0x4  low_level_init.o [2]
  .text              ro code   0x800'086c     0x2  main.o [1]
  .text              ro code   0x800'086e     0x4  exit.o [2]
  .text              ro code   0x800'0874     0xa  cexit.o [4]
  .text              ro code   0x800'0880    0x14  exit.o [5]
  .text              ro code   0x800'0894    0x18  stm32h7xx_hal.o [1]
  .rodata            const     0x800'08ac    0x10  system_stm32h7xx.o [1]
  .text              ro code   0x800'08bc    0x10  startup_stm32h750xx.o [1]
  .text              ro code   0x800'08cc     0xc  cstartup_M.o [4]
  .text              ro code   0x800'08d8     0x8  delay.o [1]
  .text              ro code   0x800'08e0     0x4  startup_stm32h750xx.o [1]
  .text              ro code   0x800'08e4     0x4  startup_stm32h750xx.o [1]
  .text              ro code   0x800'08e8     0x4  startup_stm32h750xx.o [1]
  .text              ro code   0x800'08ec     0x4  startup_stm32h750xx.o [1]
  .text              ro code   0x800'08f0     0x4  startup_stm32h750xx.o [1]
  .text              ro code   0x800'08f4     0x4  startup_stm32h750xx.o [1]
  .text              ro code   0x800'08f8     0x4  startup_stm32h750xx.o [1]
  .text              ro code   0x800'08fc     0x4  startup_stm32h750xx.o [1]
  .text              ro code   0x800'0900     0x4  startup_stm32h750xx.o [1]
  .text              ro code   0x800'0904     0x4  startup_stm32h750xx.o [1]
  .text              ro code   0x800'0908     0x4  startup_stm32h750xx.o [1]
  .text              ro code   0x800'090c     0x4  startup_stm32h750xx.o [1]
  .text              ro code   0x800'0910     0x4  startup_stm32h750xx.o [1]
  .text              ro code   0x800'0914     0x4  startup_stm32h750xx.o [1]
  .text              ro code   0x800'0918     0x4  startup_stm32h750xx.o [1]
  .text              ro code   0x800'091c     0x4  startup_stm32h750xx.o [1]
  .text              ro code   0x800'0920     0x4  startup_stm32h750xx.o [1]
  .text              ro code   0x800'0924     0x4  startup_stm32h750xx.o [1]
  .text              ro code   0x800'0928     0x4  startup_stm32h750xx.o [1]
  .text              ro code   0x800'092c     0x4  startup_stm32h750xx.o [1]
  .text              ro code   0x800'0930     0x4  startup_stm32h750xx.o [1]
  .text              ro code   0x800'0934     0x4  startup_stm32h750xx.o [1]
  .text              ro code   0x800'0938     0x4  startup_stm32h750xx.o [1]
  .text              ro code   0x800'093c     0x4  startup_stm32h750xx.o [1]
  .text              ro code   0x800'0940     0x4  startup_stm32h750xx.o [1]
  .text              ro code   0x800'0944     0x4  startup_stm32h750xx.o [1]
  .text              ro code   0x800'0948     0x4  startup_stm32h750xx.o [1]
  .text              ro code   0x800'094c     0x4  startup_stm32h750xx.o [1]
  .text              ro code   0x800'0950     0x4  startup_stm32h750xx.o [1]
  .text              ro code   0x800'0954     0x4  startup_stm32h750xx.o [1]
  .text              ro code   0x800'0958     0x4  startup_stm32h750xx.o [1]
  .text              ro code   0x800'095c     0x4  startup_stm32h750xx.o [1]
  .text              ro code   0x800'0960     0x4  startup_stm32h750xx.o [1]
  .text              ro code   0x800'0964     0x4  startup_stm32h750xx.o [1]
  .text              ro code   0x800'0968     0x4  startup_stm32h750xx.o [1]
  .text              ro code   0x800'096c     0x4  startup_stm32h750xx.o [1]
  .text              ro code   0x800'0970     0x4  startup_stm32h750xx.o [1]
  .text              ro code   0x800'0974     0x4  startup_stm32h750xx.o [1]
  .text              ro code   0x800'0978     0x4  startup_stm32h750xx.o [1]
  .text              ro code   0x800'097c     0x4  startup_stm32h750xx.o [1]
  .text              ro code   0x800'0980     0x4  startup_stm32h750xx.o [1]
  .text              ro code   0x800'0984     0x4  startup_stm32h750xx.o [1]
  .text              ro code   0x800'0988     0x4  startup_stm32h750xx.o [1]
  .text              ro code   0x800'098c     0x4  startup_stm32h750xx.o [1]
  .text              ro code   0x800'0990     0x4  startup_stm32h750xx.o [1]
  .text              ro code   0x800'0994     0x4  startup_stm32h750xx.o [1]
  .text              ro code   0x800'0998     0x4  startup_stm32h750xx.o [1]
  .text              ro code   0x800'099c     0x4  startup_stm32h750xx.o [1]
  .text              ro code   0x800'09a0     0x4  startup_stm32h750xx.o [1]
  .text              ro code   0x800'09a4     0x4  startup_stm32h750xx.o [1]
  .text              ro code   0x800'09a8     0x4  startup_stm32h750xx.o [1]
  .text              ro code   0x800'09ac     0x4  startup_stm32h750xx.o [1]
  .text              ro code   0x800'09b0     0x4  startup_stm32h750xx.o [1]
  .text              ro code   0x800'09b4     0x4  startup_stm32h750xx.o [1]
  .text              ro code   0x800'09b8     0x4  startup_stm32h750xx.o [1]
  .text              ro code   0x800'09bc     0x4  startup_stm32h750xx.o [1]
  .text              ro code   0x800'09c0     0x4  startup_stm32h750xx.o [1]
  .text              ro code   0x800'09c4     0x4  startup_stm32h750xx.o [1]
  .text              ro code   0x800'09c8     0x4  startup_stm32h750xx.o [1]
  .text              ro code   0x800'09cc     0x4  startup_stm32h750xx.o [1]
  .text              ro code   0x800'09d0     0x4  startup_stm32h750xx.o [1]
  .text              ro code   0x800'09d4     0x4  startup_stm32h750xx.o [1]
  .text              ro code   0x800'09d8     0x4  startup_stm32h750xx.o [1]
  .text              ro code   0x800'09dc     0x4  startup_stm32h750xx.o [1]
  .text              ro code   0x800'09e0     0x4  startup_stm32h750xx.o [1]
  .text              ro code   0x800'09e4     0x4  startup_stm32h750xx.o [1]
  .text              ro code   0x800'09e8     0x4  startup_stm32h750xx.o [1]
  .text              ro code   0x800'09ec     0x4  startup_stm32h750xx.o [1]
  .text              ro code   0x800'09f0     0x4  startup_stm32h750xx.o [1]
  .text              ro code   0x800'09f4     0x4  startup_stm32h750xx.o [1]
  .text              ro code   0x800'09f8     0x4  startup_stm32h750xx.o [1]
  .text              ro code   0x800'09fc     0x4  startup_stm32h750xx.o [1]
  .text              ro code   0x800'0a00     0x4  startup_stm32h750xx.o [1]
  .text              ro code   0x800'0a04     0x4  startup_stm32h750xx.o [1]
  .text              ro code   0x800'0a08     0x4  startup_stm32h750xx.o [1]
  .text              ro code   0x800'0a0c     0x4  startup_stm32h750xx.o [1]
  .text              ro code   0x800'0a10     0x4  startup_stm32h750xx.o [1]
  .text              ro code   0x800'0a14     0x4  startup_stm32h750xx.o [1]
  .text              ro code   0x800'0a18     0x4  startup_stm32h750xx.o [1]
  .text              ro code   0x800'0a1c     0x4  startup_stm32h750xx.o [1]
  .text              ro code   0x800'0a20     0x4  startup_stm32h750xx.o [1]
  .text              ro code   0x800'0a24     0x4  startup_stm32h750xx.o [1]
  .text              ro code   0x800'0a28     0x4  startup_stm32h750xx.o [1]
  .text              ro code   0x800'0a2c     0x4  startup_stm32h750xx.o [1]
  .text              ro code   0x800'0a30     0x4  startup_stm32h750xx.o [1]
  .text              ro code   0x800'0a34     0x4  startup_stm32h750xx.o [1]
  .text              ro code   0x800'0a38     0x4  startup_stm32h750xx.o [1]
  .text              ro code   0x800'0a3c     0x4  startup_stm32h750xx.o [1]
  .text              ro code   0x800'0a40     0x4  startup_stm32h750xx.o [1]
  .text              ro code   0x800'0a44     0x4  startup_stm32h750xx.o [1]
  .text              ro code   0x800'0a48     0x4  startup_stm32h750xx.o [1]
  .text              ro code   0x800'0a4c     0x4  startup_stm32h750xx.o [1]
  .text              ro code   0x800'0a50     0x4  startup_stm32h750xx.o [1]
  .text              ro code   0x800'0a54     0x4  startup_stm32h750xx.o [1]
  .text              ro code   0x800'0a58     0x4  startup_stm32h750xx.o [1]
  .text              ro code   0x800'0a5c     0x4  startup_stm32h750xx.o [1]
  .text              ro code   0x800'0a60     0x4  startup_stm32h750xx.o [1]
  .text              ro code   0x800'0a64     0x4  startup_stm32h750xx.o [1]
  .text              ro code   0x800'0a68     0x4  startup_stm32h750xx.o [1]
  .text              ro code   0x800'0a6c     0x4  startup_stm32h750xx.o [1]
  .text              ro code   0x800'0a70     0x4  startup_stm32h750xx.o [1]
  .text              ro code   0x800'0a74     0x4  startup_stm32h750xx.o [1]
  .text              ro code   0x800'0a78     0x4  startup_stm32h750xx.o [1]
  .text              ro code   0x800'0a7c     0x4  startup_stm32h750xx.o [1]
  .text              ro code   0x800'0a80     0x4  startup_stm32h750xx.o [1]
  .text              ro code   0x800'0a84     0x4  startup_stm32h750xx.o [1]
  .text              ro code   0x800'0a88     0x4  startup_stm32h750xx.o [1]
  .text              ro code   0x800'0a8c     0x4  startup_stm32h750xx.o [1]
  .text              ro code   0x800'0a90     0x4  startup_stm32h750xx.o [1]
  .text              ro code   0x800'0a94     0x4  startup_stm32h750xx.o [1]
  .text              ro code   0x800'0a98     0x4  startup_stm32h750xx.o [1]
  .text              ro code   0x800'0a9c     0x4  startup_stm32h750xx.o [1]
  .text              ro code   0x800'0aa0     0x4  startup_stm32h750xx.o [1]
  .text              ro code   0x800'0aa4     0x4  startup_stm32h750xx.o [1]
  .text              ro code   0x800'0aa8     0x4  startup_stm32h750xx.o [1]
  .text              ro code   0x800'0aac     0x4  startup_stm32h750xx.o [1]
  .text              ro code   0x800'0ab0     0x4  startup_stm32h750xx.o [1]
  .text              ro code   0x800'0ab4     0x4  startup_stm32h750xx.o [1]
  .text              ro code   0x800'0ab8     0x4  startup_stm32h750xx.o [1]
  .text              ro code   0x800'0abc     0x4  startup_stm32h750xx.o [1]
  .text              ro code   0x800'0ac0     0x4  startup_stm32h750xx.o [1]
  .text              ro code   0x800'0ac4     0x4  startup_stm32h750xx.o [1]
  .text              ro code   0x800'0ac8     0x4  startup_stm32h750xx.o [1]
  .text              ro code   0x800'0acc     0x4  startup_stm32h750xx.o [1]
  .text              ro code   0x800'0ad0     0x4  startup_stm32h750xx.o [1]
  .text              ro code   0x800'0ad4     0x4  startup_stm32h750xx.o [1]
  .text              ro code   0x800'0ad8     0x4  startup_stm32h750xx.o [1]
  .text              ro code   0x800'0adc     0x4  startup_stm32h750xx.o [1]
  .text              ro code   0x800'0ae0     0x4  startup_stm32h750xx.o [1]
  .text              ro code   0x800'0ae4     0x4  startup_stm32h750xx.o [1]
  .text              ro code   0x800'0ae8     0x4  startup_stm32h750xx.o [1]
  .text              ro code   0x800'0aec     0x4  startup_stm32h750xx.o [1]
  .text              ro code   0x800'0af0     0x4  startup_stm32h750xx.o [1]
  .text              ro code   0x800'0af4     0x4  startup_stm32h750xx.o [1]
  .text              ro code   0x800'0af8     0x4  startup_stm32h750xx.o [1]
  .text              ro code   0x800'0afc     0x4  startup_stm32h750xx.o [1]
  .text              ro code   0x800'0b00     0x4  startup_stm32h750xx.o [1]
  .text              ro code   0x800'0b04     0x4  startup_stm32h750xx.o [1]
  .text              ro code   0x800'0b08     0x4  startup_stm32h750xx.o [1]
  .text              ro code   0x800'0b0c     0x4  startup_stm32h750xx.o [1]
  .text              ro code   0x800'0b10     0x4  startup_stm32h750xx.o [1]
  .text              ro code   0x800'0b14     0x4  startup_stm32h750xx.o [1]
  .text              ro code   0x800'0b18     0x4  startup_stm32h750xx.o [1]
  .text              ro code   0x800'0b1c     0x4  startup_stm32h750xx.o [1]
  .text              ro code   0x800'0b20     0x4  startup_stm32h750xx.o [1]
  .text              ro code   0x800'0b24     0x4  startup_stm32h750xx.o [1]
  .text              ro code   0x800'0b28     0x4  startup_stm32h750xx.o [1]
  .text              ro code   0x800'0b2c     0x4  startup_stm32h750xx.o [1]
  .rodata            const     0x800'0b30     0x0  copy_init3.o [4]
  Initializer bytes  const     0x800'0b30    0x10  <for P4 s0>
                             - 0x800'0b40   0x8a8

"P4", part 1 of 2:                           0x10
  P4 s0                       0x2000'0000    0x10  <Init block>
    .data            inited   0x2000'0000     0x4  system_stm32h7xx.o [1]
    .data            inited   0x2000'0004     0x4  system_stm32h7xx.o [1]
    .bss             inited   0x2000'0008     0x4  stm32h7xx_hal.o [1]
    .data            inited   0x2000'000c     0x1  stm32h7xx_hal.o [1]
                            - 0x2000'0010    0x10

"P4", part 2 of 2:                         0x2000
  CSTACK                      0x2000'0010  0x2000  <Block>
    CSTACK           uninit   0x2000'0010  0x2000  <Block tail>
                            - 0x2000'2010  0x2000

Unused ranges:

         From           To      Size
         ----           --      ----
   0x800'0b40   0x801'ffff  0x1'f4c0
  0x2000'2010  0x2000'ffff    0xdff0
  0x2001'0000  0x2001'ffff  0x1'0000


*******************************************************************************
*** INIT TABLE
***

          Address      Size
          -------      ----
Copy (__iar_copy_init3)
    1 source range, total size 0x10 (123% of destination):
           0x800'0b30  0x10
    1 destination range, total size 0xd:
          0x2000'0000   0xd



*******************************************************************************
*** MODULE SUMMARY
***

    Module                 ro code  ro data  rw data
    ------                 -------  -------  -------
command line/config:
    ------------------------------------------------
    Total:

D:\STM32H7\Project_standerd\IAR_Project\Debug\Obj: [1]
    delay.o                      8
    main.o                       2
    startup_stm32h750xx.o    1'272
    stm32h7xx_hal.o             24        5        5
    system_stm32h7xx.o       1'312       24        8
    ------------------------------------------------
    Total:                   2'618       29       13

dl7M_tln.a: [2]
    exit.o                       4
    low_level_init.o             4
    ------------------------------------------------
    Total:                       8

m7M_tlv.a: [3]
    fpinit_M.o                  34
    ------------------------------------------------
    Total:                      34

rt7M_tl.a: [4]
    cexit.o                     10
    cmain.o                     30
    copy_init3.o                46
    cstartup_M.o                12
    data_init.o                 40
    ------------------------------------------------
    Total:                     138

shb_l.a: [5]
    exit.o                      20
    ------------------------------------------------
    Total:                      20

    Gaps                         8        2
    Linker created                       23    8'192
----------------------------------------------------
    Grand Total:             2'826       54    8'205


*******************************************************************************
*** ENTRY LIST
***

Entry                       Address   Size  Type      Object
-----                       -------   ----  ----      ------
.iar.init_table$$Base    0x800'0834          --   Gb  - Linker created -
.iar.init_table$$Limit   0x800'0848          --   Gb  - Linker created -
?main                    0x800'0849         Code  Gb  cmain.o [4]
CSTACK$$Base            0x2000'0010          --   Gb  - Linker created -
CSTACK$$Limit           0x2000'2010          --   Gb  - Linker created -
D1CorePrescTable         0x800'08ac   0x10  Data  Gb  system_stm32h7xx.o [1]
HAL_IncTick              0x800'0895   0x18  Code  Wk  stm32h7xx_hal.o [1]
Region$$Table$$Base      0x800'0834          --   Gb  - Linker created -
Region$$Table$$Limit     0x800'0848          --   Gb  - Linker created -
SetSystemClock           0x800'057d  0x1a4  Code  Gb  system_stm32h7xx.o [1]
SysTick_Handler          0x800'08d9    0x8  Code  Gb  delay.o [1]
SystemCoreClock         0x2000'0000    0x4  Data  Gb  system_stm32h7xx.o [1]
SystemCoreClockUpdate    0x800'03b9  0x1b6  Code  Gb  system_stm32h7xx.o [1]
SystemD2Clock           0x2000'0004    0x4  Data  Gb  system_stm32h7xx.o [1]
SystemInit               0x800'02c1   0xf8  Code  Gb  system_stm32h7xx.o [1]
__NVIC_SetPriority       0x800'0299   0x28  Code  Lc  system_stm32h7xx.o [1]
__cmain                  0x800'0849         Code  Gb  cmain.o [4]
__exit                   0x800'0881   0x14  Code  Gb  exit.o [5]
__iar_copy_init3         0x800'07b9   0x2e  Code  Gb  copy_init3.o [4]
__iar_data_init3         0x800'07e9   0x28  Code  Gb  data_init.o [4]
__iar_init_vfp           0x800'0811         Code  Gb  fpinit_M.o [3]
__iar_program_start      0x800'08cd         Code  Gb  cstartup_M.o [4]
__low_level_init         0x800'0867    0x4  Code  Gb  low_level_init.o [2]
__vector_table           0x800'0000         Data  Gb  startup_stm32h750xx.o [1]
_call_main               0x800'0855         Code  Gb  cmain.o [4]
_exit                    0x800'0875         Code  Gb  cexit.o [4]
_main                    0x800'0863         Code  Gb  cmain.o [4]
exit                     0x800'086f    0x4  Code  Gb  exit.o [2]
main                     0x800'086d    0x2  Code  Gb  main.o [1]
uwTick                  0x2000'0008    0x4  Data  Gb  stm32h7xx_hal.o [1]
uwTickFreq              0x2000'000c    0x1  Data  Gb  stm32h7xx_hal.o [1]


[1] = D:\STM32H7\Project_standerd\IAR_Project\Debug\Obj
[2] = dl7M_tln.a
[3] = m7M_tlv.a
[4] = rt7M_tl.a
[5] = shb_l.a

  2'826 bytes of readonly  code memory
     54 bytes of readonly  data memory
  8'205 bytes of readwrite data memory

Errors: none
Warnings: none
